---
source: crates/converter/src/diagnostics/battery_brownout.rs
expression: diags
---
[
  {
    "id": "battery_brownout",
    "summary": "Battery voltage 0.06V below critical threshold 3.3V at 159.0s (1S)",
    "severity": "critical",
    "kind": "point",
    "timestamp_us": 158986930,
    "end_timestamp_us": null,
    "anchor": {
      "topic": "battery_status",
      "field": "voltage_v"
    },
    "descriptor": {
      "fields": [
        {
          "name": "voltage_v",
          "unit": "volts"
        },
        {
          "name": "critical_threshold_v",
          "unit": "volts"
        },
        {
          "name": "current_a",
          "unit": "amps"
        }
      ]
    },
    "evidence": {
      "type": "BatteryBrownout",
      "voltage_v": 0.058330078,
      "critical_threshold_v": 3.3,
      "current_a": 0.09705625
    }
  },
  {
    "id": "battery_brownout",
    "summary": "Battery voltage 0.05V below critical threshold 3.3V at 189.2s (1S)",
    "severity": "critical",
    "kind": "point",
    "timestamp_us": 189186929,
    "end_timestamp_us": null,
    "anchor": {
      "topic": "battery_status",
      "field": "voltage_v"
    },
    "descriptor": {
      "fields": [
        {
          "name": "voltage_v",
          "unit": "volts"
        },
        {
          "name": "critical_threshold_v",
          "unit": "volts"
        },
        {
          "name": "current_a",
          "unit": "amps"
        }
      ]
    },
    "evidence": {
      "type": "BatteryBrownout",
      "voltage_v": 0.048304595,
      "critical_threshold_v": 3.3,
      "current_a": 0.10255
    }
  },
  {
    "id": "battery_brownout",
    "summary": "Battery voltage 0.05V below critical threshold 3.3V at 219.4s (1S)",
    "severity": "critical",
    "kind": "point",
    "timestamp_us": 219386927,
    "end_timestamp_us": null,
    "anchor": {
      "topic": "battery_status",
      "field": "voltage_v"
    },
    "descriptor": {
      "fields": [
        {
          "name": "voltage_v",
          "unit": "volts"
        },
        {
          "name": "critical_threshold_v",
          "unit": "volts"
        },
        {
          "name": "current_a",
          "unit": "amps"
        }
      ]
    },
    "evidence": {
      "type": "BatteryBrownout",
      "voltage_v": 0.05103882,
      "critical_threshold_v": 3.3,
      "current_a": 0.10804375
    }
  }
]
