---
source: crates/converter/src/diagnostics/motor_failure.rs
expression: diags
---
[
  {
    "id": "motor_failure",
    "summary": "Motor 0 output dropped to 0 PWM at 5081.8s while armed in Mission mode",
    "severity": "critical",
    "kind": "point",
    "timestamp_us": 5081817622,
    "end_timestamp_us": null,
    "anchor": {
      "topic": "actuator_outputs",
      "field": "output[0]"
    },
    "descriptor": {
      "fields": [
        {
          "name": "motor_index",
          "unit": "count"
        },
        {
          "name": "pwm_value",
          "unit": "pwm"
        },
        {
          "name": "flight_mode",
          "unit": "label"
        }
      ]
    },
    "evidence": {
      "type": "MotorFailure",
      "motor_index": 0,
      "pwm_value": 0.0,
      "mode": "drop_to_zero",
      "flight_mode": "Mission"
    }
  },
  {
    "id": "motor_failure",
    "summary": "Motor 1 output dropped to 0 PWM at 5081.8s while armed in Mission mode",
    "severity": "critical",
    "kind": "point",
    "timestamp_us": 5081817622,
    "end_timestamp_us": null,
    "anchor": {
      "topic": "actuator_outputs",
      "field": "output[1]"
    },
    "descriptor": {
      "fields": [
        {
          "name": "motor_index",
          "unit": "count"
        },
        {
          "name": "pwm_value",
          "unit": "pwm"
        },
        {
          "name": "flight_mode",
          "unit": "label"
        }
      ]
    },
    "evidence": {
      "type": "MotorFailure",
      "motor_index": 1,
      "pwm_value": 0.0,
      "mode": "drop_to_zero",
      "flight_mode": "Mission"
    }
  },
  {
    "id": "motor_failure",
    "summary": "Motor 2 output dropped to 0 PWM at 5081.8s while armed in Mission mode",
    "severity": "critical",
    "kind": "point",
    "timestamp_us": 5081817622,
    "end_timestamp_us": null,
    "anchor": {
      "topic": "actuator_outputs",
      "field": "output[2]"
    },
    "descriptor": {
      "fields": [
        {
          "name": "motor_index",
          "unit": "count"
        },
        {
          "name": "pwm_value",
          "unit": "pwm"
        },
        {
          "name": "flight_mode",
          "unit": "label"
        }
      ]
    },
    "evidence": {
      "type": "MotorFailure",
      "motor_index": 2,
      "pwm_value": 0.0,
      "mode": "drop_to_zero",
      "flight_mode": "Mission"
    }
  },
  {
    "id": "motor_failure",
    "summary": "Motor 3 output dropped to 0 PWM at 5081.8s while armed in Mission mode",
    "severity": "critical",
    "kind": "point",
    "timestamp_us": 5081817622,
    "end_timestamp_us": null,
    "anchor": {
      "topic": "actuator_outputs",
      "field": "output[3]"
    },
    "descriptor": {
      "fields": [
        {
          "name": "motor_index",
          "unit": "count"
        },
        {
          "name": "pwm_value",
          "unit": "pwm"
        },
        {
          "name": "flight_mode",
          "unit": "label"
        }
      ]
    },
    "evidence": {
      "type": "MotorFailure",
      "motor_index": 3,
      "pwm_value": 0.0,
      "mode": "drop_to_zero",
      "flight_mode": "Mission"
    }
  },
  {
    "id": "motor_failure",
    "summary": "Motor 4 output dropped to 0 PWM at 5081.8s while armed in Mission mode",
    "severity": "critical",
    "kind": "point",
    "timestamp_us": 5081817622,
    "end_timestamp_us": null,
    "anchor": {
      "topic": "actuator_outputs",
      "field": "output[4]"
    },
    "descriptor": {
      "fields": [
        {
          "name": "motor_index",
          "unit": "count"
        },
        {
          "name": "pwm_value",
          "unit": "pwm"
        },
        {
          "name": "flight_mode",
          "unit": "label"
        }
      ]
    },
    "evidence": {
      "type": "MotorFailure",
      "motor_index": 4,
      "pwm_value": 0.0,
      "mode": "drop_to_zero",
      "flight_mode": "Mission"
    }
  },
  {
    "id": "motor_failure",
    "summary": "Motor 5 output dropped to 0 PWM at 5081.8s while armed in Mission mode",
    "severity": "critical",
    "kind": "point",
    "timestamp_us": 5081817622,
    "end_timestamp_us": null,
    "anchor": {
      "topic": "actuator_outputs",
      "field": "output[5]"
    },
    "descriptor": {
      "fields": [
        {
          "name": "motor_index",
          "unit": "count"
        },
        {
          "name": "pwm_value",
          "unit": "pwm"
        },
        {
          "name": "flight_mode",
          "unit": "label"
        }
      ]
    },
    "evidence": {
      "type": "MotorFailure",
      "motor_index": 5,
      "pwm_value": 0.0,
      "mode": "drop_to_zero",
      "flight_mode": "Mission"
    }
  }
]
