---
source: crates/converter/src/diagnostics/ekf_failure.rs
expression: diags
---
[
  {
    "id": "ekf_failure",
    "summary": "EKF velocity innovation exceeded threshold for 2.2s starting at 117.3s",
    "severity": "warning",
    "kind": "region",
    "timestamp_us": 117349822,
    "end_timestamp_us": 119539590,
    "anchor": {
      "topic": "estimator_status",
      "field": "vel_test_ratio"
    },
    "descriptor": {
      "fields": [
        {
          "name": "innovation",
          "unit": "label"
        },
        {
          "name": "test_ratio",
          "unit": "ratio"
        },
        {
          "name": "threshold",
          "unit": "ratio"
        }
      ]
    },
    "evidence": {
      "type": "EkfFailure",
      "innovation": "velocity",
      "test_ratio": 1.1373149,
      "threshold": 1.0
    }
  },
  {
    "id": "ekf_failure",
    "summary": "EKF position innovation exceeded threshold for 2.0s starting at 117.9s",
    "severity": "warning",
    "kind": "region",
    "timestamp_us": 117939397,
    "end_timestamp_us": 119939471,
    "anchor": {
      "topic": "estimator_status",
      "field": "pos_test_ratio"
    },
    "descriptor": {
      "fields": [
        {
          "name": "innovation",
          "unit": "label"
        },
        {
          "name": "test_ratio",
          "unit": "ratio"
        },
        {
          "name": "threshold",
          "unit": "ratio"
        }
      ]
    },
    "evidence": {
      "type": "EkfFailure",
      "innovation": "position",
      "test_ratio": 1.2692708,
      "threshold": 1.0
    }
  },
  {
    "id": "ekf_failure",
    "summary": "EKF position innovation exceeded threshold for 5.0s starting at 117.9s",
    "severity": "critical",
    "kind": "region",
    "timestamp_us": 117939397,
    "end_timestamp_us": 122949150,
    "anchor": {
      "topic": "estimator_status",
      "field": "pos_test_ratio"
    },
    "descriptor": {
      "fields": [
        {
          "name": "innovation",
          "unit": "label"
        },
        {
          "name": "test_ratio",
          "unit": "ratio"
        },
        {
          "name": "threshold",
          "unit": "ratio"
        }
      ]
    },
    "evidence": {
      "type": "EkfFailure",
      "innovation": "position",
      "test_ratio": 1.3362613,
      "threshold": 1.0
    }
  }
]
